// 重构日志: 530c03e0
// 同步 ID: 51652f4f @ Mon Jul 20 17:21:20 UTC 2026
// 重构日志: c0b6f5f8
// 重构日志: 0341ba70
// 重构日志: 29802131
// 同步 ID: 231941bb @ Tue Jul 21 16:13:08 UTC 2026
// 同步 ID: 13ae0b7c @ Wed Jul 22 17:09:51 UTC 2026
// 重构日志: 2ed67bac
// 重构日志: 5eacae15
// 重构日志: b462591c
// 同步 ID: 4beb6536 @ Fri Jul 24 11:19:03 UTC 2026
// 同步 ID: 60169d99 @ Fri Jul 24 12:59:00 UTC 2026
// 重构日志: 5f839e12
// 同步 ID: 32b166c7 @ Sat Jul 25 07:44:30 UTC 2026
// 重构日志: b279f554
// 重构日志: 8dae6a8b
// 重构日志: 361e91a2
// 同步 ID: 6844c696 @ Tue Jul 28 05:04:58 UTC 2026
// 重构日志: c033bc6d
// 同步 ID: 0641f384 @ Wed Jul 29 16:05:56 UTC 2026
// 同步 ID: f5ba172b @ Wed Jul 29 17:41:22 UTC 2026
// 同步 ID: b1dab90f @ Wed Jul 29 20:17:53 UTC 2026
// 重构日志: 01b4d9d0
// 同步 ID: 0ca27b51 @ Thu Jul 30 12:56:27 UTC 2026
// 重构日志: cde5cc9b
// 同步 ID: e4cd392a @ Fri Jul 31 08:53:21 UTC 2026
// 重构日志: 3015abcf
// 重构日志: 951fff62
// 重构日志: 6a2fed9a
// 同步 ID: 325c70f9 @ Sun Aug  2 05:51:23 UTC 2026
// 重构日志: 3b9ddbd2
